2026-05-24 00:09:00,454 - aqt.helper - DEBUG - helper 5680 Attempt to download checksum at https://download.qt.io/online/qtsdkrepository/windows_x86/desktop/qt6_673/Updates.xml.sha256
2026-05-24 00:09:10,051 - aqt.main - INFO - installer 1552 aqtinstall(aqt) v3.3.0 on Python 3.13.3 [CPython MSC v.1943 64 bit (AMD64)]
2026-05-24 00:09:10,052 - aqt.helper - DEBUG - helper 1552 Attempt to download checksum at https://download.qt.io/online/qtsdkrepository/windows_x86/desktop/qt6_673/Updates.xml.sha256
2026-05-24 00:09:15,574 - aqt.helper - DEBUG - helper 9772 Attempt to download checksum at https://download.qt.io/online/qtsdkrepository/windows_x86/desktop/qt6_673/qt.qt6.673.win64_msvc2019_64/6.7.3-0-202409200836qtbase-Windows-Windows_10_22H2-MSVC2019-Windows-Windows_10_22H2-X86_64.7z.sha256
2026-05-24 00:09:15,587 - aqt.helper - DEBUG - helper 4760 Attempt to download checksum at https://download.qt.io/online/qtsdkrepository/windows_x86/desktop/qt6_673/qt.qt6.673.win64_msvc2019_64/6.7.3-0-202409200836qtsvg-Windows-Windows_10_22H2-MSVC2019-Windows-Windows_10_22H2-X86_64.7z.sha256
2026-05-24 00:09:15,590 - aqt.helper - DEBUG - helper 10584 Attempt to download checksum at https://download.qt.io/online/qtsdkrepository/windows_x86/desktop/qt6_673/qt.qt6.673.win64_msvc2019_64/6.7.3-0-202409200836qtdeclarative-Windows-Windows_10_22H2-MSVC2019-Windows-Windows_10_22H2-X86_64.7z.sha256
2026-05-24 00:09:15,590 - aqt.helper - DEBUG - helper 9516 Attempt to download checksum at https://download.qt.io/online/qtsdkrepository/windows_x86/desktop/qt6_673/qt.qt6.673.win64_msvc2019_64/6.7.3-0-202409200836qttools-Windows-Windows_10_22H2-MSVC2019-Windows-Windows_10_22H2-X86_64.7z.sha256
2026-05-24 00:09:17,050 - aqt.helper - INFO - helper 9516 Downloading qttools...
2026-05-24 00:09:17,050 - aqt.helper - INFO - helper 4760 Downloading qtsvg...
2026-05-24 00:09:17,061 - aqt.helper - INFO - helper 10584 Downloading qtdeclarative...
2026-05-24 00:09:17,050 - aqt.installer - DEBUG - installer 9516 Download URL: https://download.qt.io/online/qtsdkrepository/windows_x86/desktop/qt6_673/qt.qt6.673.win64_msvc2019_64/6.7.3-0-202409200836qttools-Windows-Windows_10_22H2-MSVC2019-Windows-Windows_10_22H2-X86_64.7z
2026-05-24 00:09:17,051 - aqt.installer - DEBUG - installer 4760 Download URL: https://download.qt.io/online/qtsdkrepository/windows_x86/desktop/qt6_673/qt.qt6.673.win64_msvc2019_64/6.7.3-0-202409200836qtsvg-Windows-Windows_10_22H2-MSVC2019-Windows-Windows_10_22H2-X86_64.7z
2026-05-24 00:09:17,062 - aqt.installer - DEBUG - installer 10584 Download URL: https://download.qt.io/online/qtsdkrepository/windows_x86/desktop/qt6_673/qt.qt6.673.win64_msvc2019_64/6.7.3-0-202409200836qtdeclarative-Windows-Windows_10_22H2-MSVC2019-Windows-Windows_10_22H2-X86_64.7z
2026-05-24 00:09:18,534 - aqt.helper - INFO - helper 9772 Downloading qtbase...
2026-05-24 00:09:18,534 - aqt.installer - DEBUG - installer 9772 Download URL: https://download.qt.io/online/qtsdkrepository/windows_x86/desktop/qt6_673/qt.qt6.673.win64_msvc2019_64/6.7.3-0-202409200836qtbase-Windows-Windows_10_22H2-MSVC2019-Windows-Windows_10_22H2-X86_64.7z
2026-05-24 00:09:18,655 - aqt.helper - DEBUG - helper 4760 Asked to redirect(302) to: https://mirror.maeen.sa/qtproject/online/qtsdkrepository/windows_x86/desktop/qt6_673/qt.qt6.673.win64_msvc2019_64/6.7.3-0-202409200836qtsvg-Windows-Windows_10_22H2-MSVC2019-Windows-Windows_10_22H2-X86_64.7z
2026-05-24 00:09:18,655 - aqt.helper - DEBUG - helper 10584 Asked to redirect(302) to: https://mirror.maeen.sa/qtproject/online/qtsdkrepository/windows_x86/desktop/qt6_673/qt.qt6.673.win64_msvc2019_64/6.7.3-0-202409200836qtdeclarative-Windows-Windows_10_22H2-MSVC2019-Windows-Windows_10_22H2-X86_64.7z
2026-05-24 00:09:18,655 - aqt.helper - INFO - helper 4760 Redirected: mirror.maeen.sa
2026-05-24 00:09:18,655 - aqt.helper - INFO - helper 10584 Redirected: mirror.maeen.sa
2026-05-24 00:09:18,656 - aqt.helper - DEBUG - helper 9516 Asked to redirect(302) to: https://mirror.maeen.sa/qtproject/online/qtsdkrepository/windows_x86/desktop/qt6_673/qt.qt6.673.win64_msvc2019_64/6.7.3-0-202409200836qttools-Windows-Windows_10_22H2-MSVC2019-Windows-Windows_10_22H2-X86_64.7z
2026-05-24 00:09:18,656 - aqt.helper - INFO - helper 9516 Redirected: mirror.maeen.sa
2026-05-24 00:09:20,208 - aqt.helper - DEBUG - helper 9772 Asked to redirect(302) to: https://mirror.maeen.sa/qtproject/online/qtsdkrepository/windows_x86/desktop/qt6_673/qt.qt6.673.win64_msvc2019_64/6.7.3-0-202409200836qtbase-Windows-Windows_10_22H2-MSVC2019-Windows-Windows_10_22H2-X86_64.7z
2026-05-24 00:09:20,209 - aqt.helper - INFO - helper 9772 Redirected: mirror.maeen.sa
2026-05-24 00:09:24,257 - aqt.installer - INFO - installer 4760 Finished installation of qtsvg-Windows-Windows_10_22H2-MSVC2019-Windows-Windows_10_22H2-X86_64.7z in 8.67360540
2026-05-24 00:09:24,291 - aqt.helper - DEBUG - helper 4760 Attempt to download checksum at https://download.qt.io/online/qtsdkrepository/windows_x86/desktop/qt6_673/qt.qt6.673.win64_msvc2019_64/6.7.3-0-202409200836qttranslations-Windows-Windows_10_22H2-MSVC2019-Windows-Windows_10_22H2-X86_64.7z.sha256
2026-05-24 00:09:25,895 - aqt.helper - INFO - helper 4760 Downloading qttranslations...
2026-05-24 00:09:25,895 - aqt.installer - DEBUG - installer 4760 Download URL: https://download.qt.io/online/qtsdkrepository/windows_x86/desktop/qt6_673/qt.qt6.673.win64_msvc2019_64/6.7.3-0-202409200836qttranslations-Windows-Windows_10_22H2-MSVC2019-Windows-Windows_10_22H2-X86_64.7z
2026-05-24 00:09:27,452 - aqt.helper - DEBUG - helper 4760 Asked to redirect(302) to: https://mirror.maeen.sa/qtproject/online/qtsdkrepository/windows_x86/desktop/qt6_673/qt.qt6.673.win64_msvc2019_64/6.7.3-0-202409200836qttranslations-Windows-Windows_10_22H2-MSVC2019-Windows-Windows_10_22H2-X86_64.7z
2026-05-24 00:09:27,453 - aqt.helper - INFO - helper 4760 Redirected: mirror.maeen.sa
2026-05-24 00:09:34,250 - aqt.installer - INFO - installer 4760 Finished installation of qttranslations-Windows-Windows_10_22H2-MSVC2019-Windows-Windows_10_22H2-X86_64.7z in 9.96957140
2026-05-24 00:09:34,273 - aqt.helper - DEBUG - helper 4760 Attempt to download checksum at https://download.qt.io/online/qtsdkrepository/windows_x86/desktop/qt6_673/qt.qt6.673.win64_msvc2019_64/6.7.3-0-202409200836d3dcompiler_47-x64.7z.sha256
2026-05-24 00:09:35,693 - aqt.helper - INFO - helper 4760 Downloading d3dcompiler_47...
2026-05-24 00:09:35,693 - aqt.installer - DEBUG - installer 4760 Download URL: https://download.qt.io/online/qtsdkrepository/windows_x86/desktop/qt6_673/qt.qt6.673.win64_msvc2019_64/6.7.3-0-202409200836d3dcompiler_47-x64.7z
2026-05-24 00:09:37,300 - aqt.helper - DEBUG - helper 4760 Asked to redirect(302) to: https://mirror.maeen.sa/qtproject/online/qtsdkrepository/windows_x86/desktop/qt6_673/qt.qt6.673.win64_msvc2019_64/6.7.3-0-202409200836d3dcompiler_47-x64.7z
2026-05-24 00:09:37,301 - aqt.helper - INFO - helper 4760 Redirected: mirror.maeen.sa
2026-05-24 00:09:41,536 - aqt.installer - INFO - installer 4760 Finished installation of d3dcompiler_47-x64.7z in 7.26810500
2026-05-24 00:09:41,556 - aqt.helper - DEBUG - helper 4760 Attempt to download checksum at https://download.qt.io/online/qtsdkrepository/windows_x86/desktop/qt6_673/qt.qt6.673.win64_msvc2019_64/6.7.3-0-202409200836opengl32sw-64-mesa_11_2_2-signed_sha256.7z.sha256
2026-05-24 00:09:42,875 - aqt.helper - INFO - helper 4760 Downloading opengl32sw...
2026-05-24 00:09:42,875 - aqt.installer - DEBUG - installer 4760 Download URL: https://download.qt.io/online/qtsdkrepository/windows_x86/desktop/qt6_673/qt.qt6.673.win64_msvc2019_64/6.7.3-0-202409200836opengl32sw-64-mesa_11_2_2-signed_sha256.7z
2026-05-24 00:09:44,150 - aqt.helper - DEBUG - helper 4760 Asked to redirect(302) to: https://mirror.maeen.sa/qtproject/online/qtsdkrepository/windows_x86/desktop/qt6_673/qt.qt6.673.win64_msvc2019_64/6.7.3-0-202409200836opengl32sw-64-mesa_11_2_2-signed_sha256.7z
2026-05-24 00:09:44,150 - aqt.helper - INFO - helper 4760 Redirected: mirror.maeen.sa
2026-05-24 00:10:11,262 - aqt.installer - INFO - installer 4760 Finished installation of opengl32sw-64-mesa_11_2_2-signed_sha256.7z in 29.71107560
2026-05-24 00:11:10,574 - aqt.installer - INFO - installer 9516 Finished installation of qttools-Windows-Windows_10_22H2-MSVC2019-Windows-Windows_10_22H2-X86_64.7z in 114.98730270
2026-05-24 00:12:11,578 - aqt.installer - INFO - installer 9772 Finished installation of qtbase-Windows-Windows_10_22H2-MSVC2019-Windows-Windows_10_22H2-X86_64.7z in 176.00851590
2026-05-24 00:16:25,272 - aqt.installer - INFO - installer 10584 Finished installation of qtdeclarative-Windows-Windows_10_22H2-MSVC2019-Windows-Windows_10_22H2-X86_64.7z in 429.68578580
2026-05-24 00:16:25,612 - aqt.updater - INFO - updater 1552 Patching C:\Qt\6.7.3\msvc2019_64\bin\qmake.exe
2026-05-24 00:16:25,623 - aqt.updater - INFO - updater 1552 Patching C:\Qt\6.7.3\msvc2019_64\lib\Qt6Concurrent.prl
2026-05-24 00:16:25,624 - aqt.updater - INFO - updater 1552 Patching C:\Qt\6.7.3\msvc2019_64\lib\Qt6Concurrentd.prl
2026-05-24 00:16:25,625 - aqt.updater - INFO - updater 1552 Patching C:\Qt\6.7.3\msvc2019_64\lib\Qt6Core.prl
2026-05-24 00:16:25,626 - aqt.updater - INFO - updater 1552 Patching C:\Qt\6.7.3\msvc2019_64\lib\Qt6Cored.prl
2026-05-24 00:16:25,628 - aqt.updater - INFO - updater 1552 Patching C:\Qt\6.7.3\msvc2019_64\lib\Qt6DBus.prl
2026-05-24 00:16:25,628 - aqt.updater - INFO - updater 1552 Patching C:\Qt\6.7.3\msvc2019_64\lib\Qt6DBusd.prl
2026-05-24 00:16:25,629 - aqt.updater - INFO - updater 1552 Patching C:\Qt\6.7.3\msvc2019_64\lib\Qt6Designer.prl
2026-05-24 00:16:25,630 - aqt.updater - INFO - updater 1552 Patching C:\Qt\6.7.3\msvc2019_64\lib\Qt6DesignerComponents.prl
2026-05-24 00:16:25,631 - aqt.updater - INFO - updater 1552 Patching C:\Qt\6.7.3\msvc2019_64\lib\Qt6DesignerComponentsd.prl
2026-05-24 00:16:25,632 - aqt.updater - INFO - updater 1552 Patching C:\Qt\6.7.3\msvc2019_64\lib\Qt6Designerd.prl
2026-05-24 00:16:25,633 - aqt.updater - INFO - updater 1552 Patching C:\Qt\6.7.3\msvc2019_64\lib\Qt6DeviceDiscoverySupport.prl
2026-05-24 00:16:25,633 - aqt.updater - INFO - updater 1552 Patching C:\Qt\6.7.3\msvc2019_64\lib\Qt6DeviceDiscoverySupportd.prl
2026-05-24 00:16:25,634 - aqt.updater - INFO - updater 1552 Patching C:\Qt\6.7.3\msvc2019_64\lib\Qt6EntryPoint.prl
2026-05-24 00:16:25,635 - aqt.updater - INFO - updater 1552 Patching C:\Qt\6.7.3\msvc2019_64\lib\Qt6EntryPointd.prl
2026-05-24 00:16:25,636 - aqt.updater - INFO - updater 1552 Patching C:\Qt\6.7.3\msvc2019_64\lib\Qt6ExampleIcons.prl
2026-05-24 00:16:25,637 - aqt.updater - INFO - updater 1552 Patching C:\Qt\6.7.3\msvc2019_64\lib\Qt6ExampleIconsd.prl
2026-05-24 00:16:25,638 - aqt.updater - INFO - updater 1552 Patching C:\Qt\6.7.3\msvc2019_64\lib\Qt6FbSupport.prl
2026-05-24 00:16:25,639 - aqt.updater - INFO - updater 1552 Patching C:\Qt\6.7.3\msvc2019_64\lib\Qt6FbSupportd.prl
2026-05-24 00:16:25,640 - aqt.updater - INFO - updater 1552 Patching C:\Qt\6.7.3\msvc2019_64\lib\Qt6Gui.prl
2026-05-24 00:16:25,641 - aqt.updater - INFO - updater 1552 Patching C:\Qt\6.7.3\msvc2019_64\lib\Qt6Guid.prl
2026-05-24 00:16:25,643 - aqt.updater - INFO - updater 1552 Patching C:\Qt\6.7.3\msvc2019_64\lib\Qt6Help.prl
2026-05-24 00:16:25,644 - aqt.updater - INFO - updater 1552 Patching C:\Qt\6.7.3\msvc2019_64\lib\Qt6Helpd.prl
2026-05-24 00:16:25,645 - aqt.updater - INFO - updater 1552 Patching C:\Qt\6.7.3\msvc2019_64\lib\Qt6LabsAnimation.prl
2026-05-24 00:16:25,647 - aqt.updater - INFO - updater 1552 Patching C:\Qt\6.7.3\msvc2019_64\lib\Qt6LabsAnimationd.prl
2026-05-24 00:16:25,648 - aqt.updater - INFO - updater 1552 Patching C:\Qt\6.7.3\msvc2019_64\lib\Qt6LabsFolderListModel.prl
2026-05-24 00:16:25,648 - aqt.updater - INFO - updater 1552 Patching C:\Qt\6.7.3\msvc2019_64\lib\Qt6LabsFolderListModeld.prl
2026-05-24 00:16:25,649 - aqt.updater - INFO - updater 1552 Patching C:\Qt\6.7.3\msvc2019_64\lib\Qt6LabsQmlModels.prl
2026-05-24 00:16:25,650 - aqt.updater - INFO - updater 1552 Patching C:\Qt\6.7.3\msvc2019_64\lib\Qt6LabsQmlModelsd.prl
2026-05-24 00:16:25,650 - aqt.updater - INFO - updater 1552 Patching C:\Qt\6.7.3\msvc2019_64\lib\Qt6LabsSettings.prl
2026-05-24 00:16:25,651 - aqt.updater - INFO - updater 1552 Patching C:\Qt\6.7.3\msvc2019_64\lib\Qt6LabsSettingsd.prl
2026-05-24 00:16:25,651 - aqt.updater - INFO - updater 1552 Patching C:\Qt\6.7.3\msvc2019_64\lib\Qt6LabsSharedImage.prl
2026-05-24 00:16:25,652 - aqt.updater - INFO - updater 1552 Patching C:\Qt\6.7.3\msvc2019_64\lib\Qt6LabsSharedImaged.prl
2026-05-24 00:16:25,653 - aqt.updater - INFO - updater 1552 Patching C:\Qt\6.7.3\msvc2019_64\lib\Qt6LabsWavefrontMesh.prl
2026-05-24 00:16:25,654 - aqt.updater - INFO - updater 1552 Patching C:\Qt\6.7.3\msvc2019_64\lib\Qt6LabsWavefrontMeshd.prl
2026-05-24 00:16:25,655 - aqt.updater - INFO - updater 1552 Patching C:\Qt\6.7.3\msvc2019_64\lib\Qt6Network.prl
2026-05-24 00:16:25,656 - aqt.updater - INFO - updater 1552 Patching C:\Qt\6.7.3\msvc2019_64\lib\Qt6Networkd.prl
2026-05-24 00:16:25,657 - aqt.updater - INFO - updater 1552 Patching C:\Qt\6.7.3\msvc2019_64\lib\Qt6OpenGL.prl
2026-05-24 00:16:25,658 - aqt.updater - INFO - updater 1552 Patching C:\Qt\6.7.3\msvc2019_64\lib\Qt6OpenGLd.prl
2026-05-24 00:16:25,659 - aqt.updater - INFO - updater 1552 Patching C:\Qt\6.7.3\msvc2019_64\lib\Qt6OpenGLWidgets.prl
2026-05-24 00:16:25,660 - aqt.updater - INFO - updater 1552 Patching C:\Qt\6.7.3\msvc2019_64\lib\Qt6OpenGLWidgetsd.prl
2026-05-24 00:16:25,661 - aqt.updater - INFO - updater 1552 Patching C:\Qt\6.7.3\msvc2019_64\lib\Qt6PacketProtocol.prl
2026-05-24 00:16:25,662 - aqt.updater - INFO - updater 1552 Patching C:\Qt\6.7.3\msvc2019_64\lib\Qt6PacketProtocold.prl
2026-05-24 00:16:25,663 - aqt.updater - INFO - updater 1552 Patching C:\Qt\6.7.3\msvc2019_64\lib\Qt6PrintSupport.prl
2026-05-24 00:16:25,664 - aqt.updater - INFO - updater 1552 Patching C:\Qt\6.7.3\msvc2019_64\lib\Qt6PrintSupportd.prl
2026-05-24 00:16:25,665 - aqt.updater - INFO - updater 1552 Patching C:\Qt\6.7.3\msvc2019_64\lib\Qt6Qml.prl
2026-05-24 00:16:25,666 - aqt.updater - INFO - updater 1552 Patching C:\Qt\6.7.3\msvc2019_64\lib\Qt6QmlBuiltins.prl
2026-05-24 00:16:25,666 - aqt.updater - INFO - updater 1552 Patching C:\Qt\6.7.3\msvc2019_64\lib\Qt6QmlBuiltinsd.prl
2026-05-24 00:16:25,667 - aqt.updater - INFO - updater 1552 Patching C:\Qt\6.7.3\msvc2019_64\lib\Qt6QmlCompiler.prl
2026-05-24 00:16:25,668 - aqt.updater - INFO - updater 1552 Patching C:\Qt\6.7.3\msvc2019_64\lib\Qt6QmlCompilerd.prl
2026-05-24 00:16:25,668 - aqt.updater - INFO - updater 1552 Patching C:\Qt\6.7.3\msvc2019_64\lib\Qt6QmlCore.prl
2026-05-24 00:16:25,669 - aqt.updater - INFO - updater 1552 Patching C:\Qt\6.7.3\msvc2019_64\lib\Qt6QmlCored.prl
2026-05-24 00:16:25,670 - aqt.updater - INFO - updater 1552 Patching C:\Qt\6.7.3\msvc2019_64\lib\Qt6Qmld.prl
2026-05-24 00:16:25,670 - aqt.updater - INFO - updater 1552 Patching C:\Qt\6.7.3\msvc2019_64\lib\Qt6QmlDebug.prl
2026-05-24 00:16:25,671 - aqt.updater - INFO - updater 1552 Patching C:\Qt\6.7.3\msvc2019_64\lib\Qt6QmlDebugd.prl
2026-05-24 00:16:25,672 - aqt.updater - INFO - updater 1552 Patching C:\Qt\6.7.3\msvc2019_64\lib\Qt6QmlDom.prl
2026-05-24 00:16:25,672 - aqt.updater - INFO - updater 1552 Patching C:\Qt\6.7.3\msvc2019_64\lib\Qt6QmlDomd.prl
2026-05-24 00:16:25,673 - aqt.updater - INFO - updater 1552 Patching C:\Qt\6.7.3\msvc2019_64\lib\Qt6QmlLocalStorage.prl
2026-05-24 00:16:25,674 - aqt.updater - INFO - updater 1552 Patching C:\Qt\6.7.3\msvc2019_64\lib\Qt6QmlLocalStoraged.prl
2026-05-24 00:16:25,675 - aqt.updater - INFO - updater 1552 Patching C:\Qt\6.7.3\msvc2019_64\lib\Qt6QmlLS.prl
2026-05-24 00:16:25,677 - aqt.updater - INFO - updater 1552 Patching C:\Qt\6.7.3\msvc2019_64\lib\Qt6QmlLSd.prl
2026-05-24 00:16:25,678 - aqt.updater - INFO - updater 1552 Patching C:\Qt\6.7.3\msvc2019_64\lib\Qt6QmlModels.prl
2026-05-24 00:16:25,679 - aqt.updater - INFO - updater 1552 Patching C:\Qt\6.7.3\msvc2019_64\lib\Qt6QmlModelsd.prl
2026-05-24 00:16:25,680 - aqt.updater - INFO - updater 1552 Patching C:\Qt\6.7.3\msvc2019_64\lib\Qt6QmlNetwork.prl
2026-05-24 00:16:25,681 - aqt.updater - INFO - updater 1552 Patching C:\Qt\6.7.3\msvc2019_64\lib\Qt6QmlNetworkd.prl
2026-05-24 00:16:25,681 - aqt.updater - INFO - updater 1552 Patching C:\Qt\6.7.3\msvc2019_64\lib\Qt6QmlToolingSettings.prl
2026-05-24 00:16:25,682 - aqt.updater - INFO - updater 1552 Patching C:\Qt\6.7.3\msvc2019_64\lib\Qt6QmlToolingSettingsd.prl
2026-05-24 00:16:25,683 - aqt.updater - INFO - updater 1552 Patching C:\Qt\6.7.3\msvc2019_64\lib\Qt6QmlTypeRegistrar.prl
2026-05-24 00:16:25,683 - aqt.updater - INFO - updater 1552 Patching C:\Qt\6.7.3\msvc2019_64\lib\Qt6QmlTypeRegistrard.prl
2026-05-24 00:16:25,684 - aqt.updater - INFO - updater 1552 Patching C:\Qt\6.7.3\msvc2019_64\lib\Qt6QmlWorkerScript.prl
2026-05-24 00:16:25,685 - aqt.updater - INFO - updater 1552 Patching C:\Qt\6.7.3\msvc2019_64\lib\Qt6QmlWorkerScriptd.prl
2026-05-24 00:16:25,686 - aqt.updater - INFO - updater 1552 Patching C:\Qt\6.7.3\msvc2019_64\lib\Qt6QmlXmlListModel.prl
2026-05-24 00:16:25,686 - aqt.updater - INFO - updater 1552 Patching C:\Qt\6.7.3\msvc2019_64\lib\Qt6QmlXmlListModeld.prl
2026-05-24 00:16:25,687 - aqt.updater - INFO - updater 1552 Patching C:\Qt\6.7.3\msvc2019_64\lib\Qt6Quick.prl
2026-05-24 00:16:25,688 - aqt.updater - INFO - updater 1552 Patching C:\Qt\6.7.3\msvc2019_64\lib\Qt6QuickControls2.prl
2026-05-24 00:16:25,689 - aqt.updater - INFO - updater 1552 Patching C:\Qt\6.7.3\msvc2019_64\lib\Qt6QuickControls2Basic.prl
2026-05-24 00:16:25,689 - aqt.updater - INFO - updater 1552 Patching C:\Qt\6.7.3\msvc2019_64\lib\Qt6QuickControls2Basicd.prl
2026-05-24 00:16:25,690 - aqt.updater - INFO - updater 1552 Patching C:\Qt\6.7.3\msvc2019_64\lib\Qt6QuickControls2BasicStyleImpl.prl
2026-05-24 00:16:25,691 - aqt.updater - INFO - updater 1552 Patching C:\Qt\6.7.3\msvc2019_64\lib\Qt6QuickControls2BasicStyleImpld.prl
2026-05-24 00:16:25,691 - aqt.updater - INFO - updater 1552 Patching C:\Qt\6.7.3\msvc2019_64\lib\Qt6QuickControls2d.prl
2026-05-24 00:16:25,692 - aqt.updater - INFO - updater 1552 Patching C:\Qt\6.7.3\msvc2019_64\lib\Qt6QuickControls2Fusion.prl
2026-05-24 00:16:25,693 - aqt.updater - INFO - updater 1552 Patching C:\Qt\6.7.3\msvc2019_64\lib\Qt6QuickControls2Fusiond.prl
2026-05-24 00:16:25,694 - aqt.updater - INFO - updater 1552 Patching C:\Qt\6.7.3\msvc2019_64\lib\Qt6QuickControls2FusionStyleImpl.prl
2026-05-24 00:16:25,694 - aqt.updater - INFO - updater 1552 Patching C:\Qt\6.7.3\msvc2019_64\lib\Qt6QuickControls2FusionStyleImpld.prl
2026-05-24 00:16:25,695 - aqt.updater - INFO - updater 1552 Patching C:\Qt\6.7.3\msvc2019_64\lib\Qt6QuickControls2Imagine.prl
2026-05-24 00:16:25,695 - aqt.updater - INFO - updater 1552 Patching C:\Qt\6.7.3\msvc2019_64\lib\Qt6QuickControls2Imagined.prl
2026-05-24 00:16:25,696 - aqt.updater - INFO - updater 1552 Patching C:\Qt\6.7.3\msvc2019_64\lib\Qt6QuickControls2ImagineStyleImpl.prl
2026-05-24 00:16:25,697 - aqt.updater - INFO - updater 1552 Patching C:\Qt\6.7.3\msvc2019_64\lib\Qt6QuickControls2ImagineStyleImpld.prl
2026-05-24 00:16:25,697 - aqt.updater - INFO - updater 1552 Patching C:\Qt\6.7.3\msvc2019_64\lib\Qt6QuickControls2Impl.prl
2026-05-24 00:16:25,698 - aqt.updater - INFO - updater 1552 Patching C:\Qt\6.7.3\msvc2019_64\lib\Qt6QuickControls2Impld.prl
2026-05-24 00:16:25,699 - aqt.updater - INFO - updater 1552 Patching C:\Qt\6.7.3\msvc2019_64\lib\Qt6QuickControls2Material.prl
2026-05-24 00:16:25,699 - aqt.updater - INFO - updater 1552 Patching C:\Qt\6.7.3\msvc2019_64\lib\Qt6QuickControls2Materiald.prl
2026-05-24 00:16:25,700 - aqt.updater - INFO - updater 1552 Patching C:\Qt\6.7.3\msvc2019_64\lib\Qt6QuickControls2MaterialStyleImpl.prl
2026-05-24 00:16:25,700 - aqt.updater - INFO - updater 1552 Patching C:\Qt\6.7.3\msvc2019_64\lib\Qt6QuickControls2MaterialStyleImpld.prl
2026-05-24 00:16:25,701 - aqt.updater - INFO - updater 1552 Patching C:\Qt\6.7.3\msvc2019_64\lib\Qt6QuickControls2Universal.prl
2026-05-24 00:16:25,701 - aqt.updater - INFO - updater 1552 Patching C:\Qt\6.7.3\msvc2019_64\lib\Qt6QuickControls2Universald.prl
2026-05-24 00:16:25,702 - aqt.updater - INFO - updater 1552 Patching C:\Qt\6.7.3\msvc2019_64\lib\Qt6QuickControls2UniversalStyleImpl.prl
2026-05-24 00:16:25,703 - aqt.updater - INFO - updater 1552 Patching C:\Qt\6.7.3\msvc2019_64\lib\Qt6QuickControls2UniversalStyleImpld.prl
2026-05-24 00:16:25,703 - aqt.updater - INFO - updater 1552 Patching C:\Qt\6.7.3\msvc2019_64\lib\Qt6QuickControls2WindowsStyleImpl.prl
2026-05-24 00:16:25,704 - aqt.updater - INFO - updater 1552 Patching C:\Qt\6.7.3\msvc2019_64\lib\Qt6QuickControls2WindowsStyleImpld.prl
2026-05-24 00:16:25,705 - aqt.updater - INFO - updater 1552 Patching C:\Qt\6.7.3\msvc2019_64\lib\Qt6QuickControlsTestUtils.prl
2026-05-24 00:16:25,705 - aqt.updater - INFO - updater 1552 Patching C:\Qt\6.7.3\msvc2019_64\lib\Qt6QuickControlsTestUtilsd.prl
2026-05-24 00:16:25,706 - aqt.updater - INFO - updater 1552 Patching C:\Qt\6.7.3\msvc2019_64\lib\Qt6Quickd.prl
2026-05-24 00:16:25,706 - aqt.updater - INFO - updater 1552 Patching C:\Qt\6.7.3\msvc2019_64\lib\Qt6QuickDialogs2.prl
2026-05-24 00:16:25,707 - aqt.updater - INFO - updater 1552 Patching C:\Qt\6.7.3\msvc2019_64\lib\Qt6QuickDialogs2d.prl
2026-05-24 00:16:25,708 - aqt.updater - INFO - updater 1552 Patching C:\Qt\6.7.3\msvc2019_64\lib\Qt6QuickDialogs2QuickImpl.prl
2026-05-24 00:16:25,711 - aqt.updater - INFO - updater 1552 Patching C:\Qt\6.7.3\msvc2019_64\lib\Qt6QuickDialogs2QuickImpld.prl
2026-05-24 00:16:25,713 - aqt.updater - INFO - updater 1552 Patching C:\Qt\6.7.3\msvc2019_64\lib\Qt6QuickDialogs2Utils.prl
2026-05-24 00:16:25,713 - aqt.updater - INFO - updater 1552 Patching C:\Qt\6.7.3\msvc2019_64\lib\Qt6QuickDialogs2Utilsd.prl
2026-05-24 00:16:25,714 - aqt.updater - INFO - updater 1552 Patching C:\Qt\6.7.3\msvc2019_64\lib\Qt6QuickEffects.prl
2026-05-24 00:16:25,715 - aqt.updater - INFO - updater 1552 Patching C:\Qt\6.7.3\msvc2019_64\lib\Qt6QuickEffectsd.prl
2026-05-24 00:16:25,716 - aqt.updater - INFO - updater 1552 Patching C:\Qt\6.7.3\msvc2019_64\lib\Qt6QuickLayouts.prl
2026-05-24 00:16:25,717 - aqt.updater - INFO - updater 1552 Patching C:\Qt\6.7.3\msvc2019_64\lib\Qt6QuickLayoutsd.prl
2026-05-24 00:16:25,717 - aqt.updater - INFO - updater 1552 Patching C:\Qt\6.7.3\msvc2019_64\lib\Qt6QuickParticles.prl
2026-05-24 00:16:25,718 - aqt.updater - INFO - updater 1552 Patching C:\Qt\6.7.3\msvc2019_64\lib\Qt6QuickParticlesd.prl
2026-05-24 00:16:25,719 - aqt.updater - INFO - updater 1552 Patching C:\Qt\6.7.3\msvc2019_64\lib\Qt6QuickShapes.prl
2026-05-24 00:16:25,719 - aqt.updater - INFO - updater 1552 Patching C:\Qt\6.7.3\msvc2019_64\lib\Qt6QuickShapesd.prl
2026-05-24 00:16:25,720 - aqt.updater - INFO - updater 1552 Patching C:\Qt\6.7.3\msvc2019_64\lib\Qt6QuickTemplates2.prl
2026-05-24 00:16:25,720 - aqt.updater - INFO - updater 1552 Patching C:\Qt\6.7.3\msvc2019_64\lib\Qt6QuickTemplates2d.prl
2026-05-24 00:16:25,721 - aqt.updater - INFO - updater 1552 Patching C:\Qt\6.7.3\msvc2019_64\lib\Qt6QuickTest.prl
2026-05-24 00:16:25,722 - aqt.updater - INFO - updater 1552 Patching C:\Qt\6.7.3\msvc2019_64\lib\Qt6QuickTestd.prl
2026-05-24 00:16:25,722 - aqt.updater - INFO - updater 1552 Patching C:\Qt\6.7.3\msvc2019_64\lib\Qt6QuickTestUtils.prl
2026-05-24 00:16:25,723 - aqt.updater - INFO - updater 1552 Patching C:\Qt\6.7.3\msvc2019_64\lib\Qt6QuickTestUtilsd.prl
2026-05-24 00:16:25,724 - aqt.updater - INFO - updater 1552 Patching C:\Qt\6.7.3\msvc2019_64\lib\Qt6QuickWidgets.prl
2026-05-24 00:16:25,725 - aqt.updater - INFO - updater 1552 Patching C:\Qt\6.7.3\msvc2019_64\lib\Qt6QuickWidgetsd.prl
2026-05-24 00:16:25,726 - aqt.updater - INFO - updater 1552 Patching C:\Qt\6.7.3\msvc2019_64\lib\Qt6Sql.prl
2026-05-24 00:16:25,726 - aqt.updater - INFO - updater 1552 Patching C:\Qt\6.7.3\msvc2019_64\lib\Qt6Sqld.prl
2026-05-24 00:16:25,728 - aqt.updater - INFO - updater 1552 Patching C:\Qt\6.7.3\msvc2019_64\lib\Qt6Svg.prl
2026-05-24 00:16:25,729 - aqt.updater - INFO - updater 1552 Patching C:\Qt\6.7.3\msvc2019_64\lib\Qt6Svgd.prl
2026-05-24 00:16:25,730 - aqt.updater - INFO - updater 1552 Patching C:\Qt\6.7.3\msvc2019_64\lib\Qt6SvgWidgets.prl
2026-05-24 00:16:25,731 - aqt.updater - INFO - updater 1552 Patching C:\Qt\6.7.3\msvc2019_64\lib\Qt6SvgWidgetsd.prl
2026-05-24 00:16:25,732 - aqt.updater - INFO - updater 1552 Patching C:\Qt\6.7.3\msvc2019_64\lib\Qt6Test.prl
2026-05-24 00:16:25,733 - aqt.updater - INFO - updater 1552 Patching C:\Qt\6.7.3\msvc2019_64\lib\Qt6Testd.prl
2026-05-24 00:16:25,734 - aqt.updater - INFO - updater 1552 Patching C:\Qt\6.7.3\msvc2019_64\lib\Qt6UiTools.prl
2026-05-24 00:16:25,734 - aqt.updater - INFO - updater 1552 Patching C:\Qt\6.7.3\msvc2019_64\lib\Qt6UiToolsd.prl
2026-05-24 00:16:25,735 - aqt.updater - INFO - updater 1552 Patching C:\Qt\6.7.3\msvc2019_64\lib\Qt6Widgets.prl
2026-05-24 00:16:25,736 - aqt.updater - INFO - updater 1552 Patching C:\Qt\6.7.3\msvc2019_64\lib\Qt6Widgetsd.prl
2026-05-24 00:16:25,737 - aqt.updater - INFO - updater 1552 Patching C:\Qt\6.7.3\msvc2019_64\lib\Qt6Xml.prl
2026-05-24 00:16:25,738 - aqt.updater - INFO - updater 1552 Patching C:\Qt\6.7.3\msvc2019_64\lib\Qt6Xmld.prl
2026-05-24 00:16:25,739 - aqt.main - INFO - installer 1552 Finished installation
2026-05-24 00:16:25,739 - aqt.main - INFO - installer 1552 Time elapsed: 435.68850120 second
